[ B0, B1, (a1+a2), a1, REACHED ]
[ 1<=b&&b<=3&&c==2&&k==1, 1<=b&&b<=3&&c==2&&k==1, 1<=b&&b<=3&&c==2&&k==1, b>=1 && b<=3 && c==a+b&&k==1.0, b>=1 && b<=3 && c==a+b&&k==1.0 ]
[ B0, B1, (a1+a2), a1, (a3.a4.B1+a5), a3, REACHED ]
[ 1<=b&&b<=3&&c==2&&k==1, 1<=b&&b<=3&&c==2&&k==1, 1<=b&&b<=3&&c==2&&k==1, b>=1 && b<=3 && c==a+b&&k==1.0, b>=1 && b<=3 && c==a+b&&k==1.0, b>=1 && b<=3 && a==1+b&&k==1.0, b>=1 && b<=3 && a==1+b&&k==1.0 ]
[ B0, B1, (a1+a2), a1, (a3.a4.B1+a5), a3, a4, REACHED ]
[ 1<=b&&b<=3&&c==2&&k==1, 1<=b&&b<=3&&c==2&&k==1, 1<=b&&b<=3&&c==2&&k==1, b>=1 && b<=3 && c==a+b&&k==1.0, b>=1 && b<=3 && c==a+b&&k==1.0, b>=1 && b<=3 && a==1+b&&k==1.0, b>=1 && b<=3, b>=1 && b<=3 ]
[ B0, B1, (a1+a2), a1, (a3.a4.B1+a5), a3, a4, B1, (a1+a2), a1, REACHED ]
[ 1<=b&&b<=3&&c==2&&k==1, 1<=b&&b<=3&&c==2&&k==1, 1<=b&&b<=3&&c==2&&k==1, b>=1 && b<=3 && c==a+b&&k==1.0, b>=1 && b<=3 && c==a+b&&k==1.0, b>=1 && b<=3 && a==1+b&&k==1.0, b>=1 && b<=3, b>=1 && b<=3, b>=1 && b<=3, b>=1 && b<=3 && c==a+b, b>=1 && b<=3 && c==a+b ]
[ B0, B1, (a1+a2), a1, (a3.a4.B1+a5), a3, a4, B1, (a1+a2), a1, (a3.a4.B1+a5), a3, REACHED ]
[ 1<=b&&b<=3&&c==2&&k==1, 1<=b&&b<=3&&c==2&&k==1, 1<=b&&b<=3&&c==2&&k==1, b>=1 && b<=3 && c==a+b&&k==1.0, b>=1 && b<=3 && c==a+b&&k==1.0, b>=1 && b<=3 && a==1+b&&k==1.0, b>=1 && b<=3, b>=1 && b<=3, b>=1 && b<=3, b>=1 && b<=3 && c==a+b, b>=1 && b<=3 && c==a+b, b>=1 && b<=3 && a==1+b, b>=1 && b<=3 && a==1+b ]
[ B0, B1, (a1+a2), a1, (a3.a4.B1+a5), a3, a4, B1, (a1+a2), a1, (a3.a4.B1+a5), a3, a4, REACHED ]
[ 1<=b&&b<=3&&c==2&&k==1, 1<=b&&b<=3&&c==2&&k==1, 1<=b&&b<=3&&c==2&&k==1, b>=1 && b<=3 && c==a+b&&k==1.0, b>=1 && b<=3 && c==a+b&&k==1.0, b>=1 && b<=3 && a==1+b&&k==1.0, b>=1 && b<=3, b>=1 && b<=3, b>=1 && b<=3, b>=1 && b<=3 && c==a+b, b>=1 && b<=3 && c==a+b, b>=1 && b<=3 && a==1+b, b>=1 && b<=3 && a==1+b, b>=1 && b<=3 && a==1+b ]
[ B0, B1, (a1+a2), a1, (a3.a4.B1+a5), a3, a4, B1, (a1+a2), a1, (a3.a4.B1+a5), a3, a4, B1, (a1+a2), a1, REACHED ]
[ 1<=b&&b<=3&&c==2&&k==1, 1<=b&&b<=3&&c==2&&k==1, 1<=b&&b<=3&&c==2&&k==1, b>=1 && b<=3 && c==a+b&&k==1.0, b>=1 && b<=3 && c==a+b&&k==1.0, b>=1 && b<=3 && a==1+b&&k==1.0, b>=1 && b<=3, b>=1 && b<=3, b>=1 && b<=3, b>=1 && b<=3 && c==a+b, b>=1 && b<=3 && c==a+b, b>=1 && b<=3 && a==1+b, b>=1 && b<=3 && a==1+b, b>=1 && b<=3 && a==1+b, b>=1 && b<=3 && a==1+b, b>=1 && b<=3 && c==1+2*b, b>=1 && b<=3 && c==1+2*b ]
[ B0, B1, (a1+a2), a1, (a3.a4.B1+a5), a3, a4, B1, (a1+a2), a1, (a3.a4.B1+a5), a3, a4, B1, (a1+a2), a1, (a3.a4.B1+a5), a3, REACHED ]
[ 1<=b&&b<=3&&c==2&&k==1, 1<=b&&b<=3&&c==2&&k==1, 1<=b&&b<=3&&c==2&&k==1, b>=1 && b<=3 && c==a+b&&k==1.0, b>=1 && b<=3 && c==a+b&&k==1.0, b>=1 && b<=3 && a==1+b&&k==1.0, b>=1 && b<=3, b>=1 && b<=3, b>=1 && b<=3, b>=1 && b<=3 && c==a+b, b>=1 && b<=3 && c==a+b, b>=1 && b<=3 && a==1+b, b>=1 && b<=3 && a==1+b, b>=1 && b<=3 && a==1+b, b>=1 && b<=3 && a==1+b, b>=1 && b<=3 && c==1+2*b, b>=1 && b<=3 && c==1+2*b, b>=1 && b<=3 && a==1+b, b>=1 && b<=3 && a==1+b ]
[ B0, B1, (a1+a2), a1, (a3.a4.B1+a5), a3, a4, B1, (a1+a2), a1, (a3.a4.B1+a5), a3, a4, B1, (a1+a2), a1, (a3.a4.B1+a5), a3, a4, REACHED ]
[ 1<=b&&b<=3&&c==2&&k==1, 1<=b&&b<=3&&c==2&&k==1, 1<=b&&b<=3&&c==2&&k==1, b>=1 && b<=3 && c==a+b&&k==1.0, b>=1 && b<=3 && c==a+b&&k==1.0, b>=1 && b<=3 && a==1+b&&k==1.0, b>=1 && b<=3, b>=1 && b<=3, b>=1 && b<=3, b>=1 && b<=3 && c==a+b, b>=1 && b<=3 && c==a+b, b>=1 && b<=3 && a==1+b, b>=1 && b<=3 && a==1+b, b>=1 && b<=3 && a==1+b, b>=1 && b<=3 && a==1+b, b>=1 && b<=3 && c==1+2*b, b>=1 && b<=3 && c==1+2*b, b>=1 && b<=3 && a==1+b, b>=1 && b<=3 && a==1+b, b>=1 && b<=3 && a==1+b ]
[ B0, B1, (a1+a2), a1, (a3.a4.B1+a5), a3, a4, B1, (a1+a2), a1, (a3.a4.B1+a5), a3, a4, B1, (a1+a2), a1, (a3.a4.B1+a5), a3, a4, B1, REENTERED, B2, a6, REACHED ]
[ 1<=b&&b<=3&&c==2&&k==1, 1<=b&&b<=3&&c==2&&k==1, 1<=b&&b<=3&&c==2&&k==1, b>=1 && b<=3 && c==a+b&&k==1.0, b>=1 && b<=3 && c==a+b&&k==1.0, b>=1 && b<=3 && a==1+b&&k==1.0, b>=1 && b<=3, b>=1 && b<=3, b>=1 && b<=3, b>=1 && b<=3 && c==a+b, b>=1 && b<=3 && c==a+b, b>=1 && b<=3 && a==1+b, b>=1 && b<=3 && a==1+b, b>=1 && b<=3 && a==1+b, b>=1 && b<=3 && a==1+b, b>=1 && b<=3 && c==1+2*b, b>=1 && b<=3 && c==1+2*b, b>=1 && b<=3 && a==1+b, b>=1 && b<=3 && a==1+b, b>=1 && b<=3 && a==1+b, b>=1 && b<=3 && a==1+b, b>=1 && b<=3 && a==1+b, b>=1 && b<=3 && a==1+b, b>=1 && b<=3 && a==1+b ]
[ B0, B1, (a1+a2), a1, (a3.a4.B1+a5), a3, a4, B1, (a1+a2), a1, (a3.a4.B1+a5), a3, a4, B1, (a1+a2), a1, (a3.a4.B1+a5), a5, REACHED ]
[ 1<=b&&b<=3&&c==2&&k==1, 1<=b&&b<=3&&c==2&&k==1, 1<=b&&b<=3&&c==2&&k==1, b>=1 && b<=3 && c==a+b&&k==1.0, b>=1 && b<=3 && c==a+b&&k==1.0, b>=1 && b<=3 && a==1+b&&k==1.0, b>=1 && b<=3, b>=1 && b<=3, b>=1 && b<=3, b>=1 && b<=3 && c==a+b, b>=1 && b<=3 && c==a+b, b>=1 && b<=3 && a==1+b, b>=1 && b<=3 && a==1+b, b>=1 && b<=3 && a==1+b, b>=1 && b<=3 && a==1+b, b>=1 && b<=3 && c==1+2*b, b>=1 && b<=3 && c==1+2*b, b>=1 && b<=3 && c==1+2*b, b>=1 && b<=3 && c==1+2*b ]
[ B0, B1, (a1+a2), a1, (a3.a4.B1+a5), a3, a4, B1, (a1+a2), a1, (a3.a4.B1+a5), a3, a4, B1, (a1+a2), a1, (a3.a4.B1+a5), a5, B2, a6, REACHED ]
[ 1<=b&&b<=3&&c==2&&k==1, 1<=b&&b<=3&&c==2&&k==1, 1<=b&&b<=3&&c==2&&k==1, b>=1 && b<=3 && c==a+b&&k==1.0, b>=1 && b<=3 && c==a+b&&k==1.0, b>=1 && b<=3 && a==1+b&&k==1.0, b>=1 && b<=3, b>=1 && b<=3, b>=1 && b<=3, b>=1 && b<=3 && c==a+b, b>=1 && b<=3 && c==a+b, b>=1 && b<=3 && a==1+b, b>=1 && b<=3 && a==1+b, b>=1 && b<=3 && a==1+b, b>=1 && b<=3 && a==1+b, b>=1 && b<=3 && c==1+2*b, b>=1 && b<=3 && c==1+2*b, b>=1 && b<=3 && c==1+2*b, b>=1 && b<=3 && c==1+2*b, b>=1 && b<=3 && c==1+2*b, b>=1 && b<=3 && c==1+2*b ]
[ B0, B1, (a1+a2), a1, (a3.a4.B1+a5), a3, a4, B1, (a1+a2), a1, (a3.a4.B1+a5), a5, REACHED ]
[ 1<=b&&b<=3&&c==2&&k==1, 1<=b&&b<=3&&c==2&&k==1, 1<=b&&b<=3&&c==2&&k==1, b>=1 && b<=3 && c==a+b&&k==1.0, b>=1 && b<=3 && c==a+b&&k==1.0, b>=1 && b<=3 && a==1+b&&k==1.0, b>=1 && b<=3, b>=1 && b<=3, b>=1 && b<=3, b>=1 && b<=3 && c==a+b, b>=1 && b<=3 && c==a+b, b>=1 && b<=3 && c==a+b, b>=1 && b<=3 && c==a+b ]
[ B0, B1, (a1+a2), a1, (a3.a4.B1+a5), a3, a4, B1, (a1+a2), a1, (a3.a4.B1+a5), a5, B2, a6, REACHED ]
[ 1<=b&&b<=3&&c==2&&k==1, 1<=b&&b<=3&&c==2&&k==1, 1<=b&&b<=3&&c==2&&k==1, b>=1 && b<=3 && c==a+b&&k==1.0, b>=1 && b<=3 && c==a+b&&k==1.0, b>=1 && b<=3 && a==1+b&&k==1.0, b>=1 && b<=3, b>=1 && b<=3, b>=1 && b<=3, b>=1 && b<=3 && c==a+b, b>=1 && b<=3 && c==a+b, b>=1 && b<=3 && c==a+b, b>=1 && b<=3 && c==a+b, b>=1 && b<=3 && c==a+b, b>=1 && b<=3 && c==a+b ]
[ B0, B1, (a1+a2), a1, (a3.a4.B1+a5), a3, a4, B1, (a1+a2), a2, REACHED ]
[ 1<=b&&b<=3&&c==2&&k==1, 1<=b&&b<=3&&c==2&&k==1, 1<=b&&b<=3&&c==2&&k==1, b>=1 && b<=3 && c==a+b&&k==1.0, b>=1 && b<=3 && c==a+b&&k==1.0, b>=1 && b<=3 && a==1+b&&k==1.0, b>=1 && b<=3, b>=1 && b<=3, b>=1 && b<=3, b>=1 && b<=3 && c==b+-1*a, b>=1 && b<=3 && c==b+-1*a ]
[ B0, B1, (a1+a2), a1, (a3.a4.B1+a5), a3, a4, B1, (a1+a2), a2, (a3.a4.B1+a5), a3, REACHED ]
[ 1<=b&&b<=3&&c==2&&k==1, 1<=b&&b<=3&&c==2&&k==1, 1<=b&&b<=3&&c==2&&k==1, b>=1 && b<=3 && c==a+b&&k==1.0, b>=1 && b<=3 && c==a+b&&k==1.0, b>=1 && b<=3 && a==1+b&&k==1.0, b>=1 && b<=3, b>=1 && b<=3, b>=1 && b<=3, b>=1 && b<=3 && c==b+-1*a, b>=1 && b<=3 && c==b+-1*a, b>=1 && b<=3 && a==1+b, b>=1 && b<=3 && a==1+b ]
[ B0, B1, (a1+a2), a1, (a3.a4.B1+a5), a3, a4, B1, (a1+a2), a2, (a3.a4.B1+a5), a3, a4, REACHED ]
[ 1<=b&&b<=3&&c==2&&k==1, 1<=b&&b<=3&&c==2&&k==1, 1<=b&&b<=3&&c==2&&k==1, b>=1 && b<=3 && c==a+b&&k==1.0, b>=1 && b<=3 && c==a+b&&k==1.0, b>=1 && b<=3 && a==1+b&&k==1.0, b>=1 && b<=3, b>=1 && b<=3, b>=1 && b<=3, b>=1 && b<=3 && c==b+-1*a, b>=1 && b<=3 && c==b+-1*a, b>=1 && b<=3 && a==1+b, b>=1 && b<=3 && a==1+b, b>=1 && b<=3 && a==1+b ]
[ B0, B1, (a1+a2), a1, (a3.a4.B1+a5), a3, a4, B1, (a1+a2), a2, (a3.a4.B1+a5), a3, a4, B1, (a1+a2), a1, REACHED ]
[ 1<=b&&b<=3&&c==2&&k==1, 1<=b&&b<=3&&c==2&&k==1, 1<=b&&b<=3&&c==2&&k==1, b>=1 && b<=3 && c==a+b&&k==1.0, b>=1 && b<=3 && c==a+b&&k==1.0, b>=1 && b<=3 && a==1+b&&k==1.0, b>=1 && b<=3, b>=1 && b<=3, b>=1 && b<=3, b>=1 && b<=3 && c==b+-1*a, b>=1 && b<=3 && c==b+-1*a, b>=1 && b<=3 && a==1+b, b>=1 && b<=3 && a==1+b, b>=1 && b<=3 && a==1+b, b>=1 && b<=3 && a==1+b, b>=1 && b<=3 && c==1+2*b, b>=1 && b<=3 && c==1+2*b ]
[ B0, B1, (a1+a2), a1, (a3.a4.B1+a5), a3, a4, B1, (a1+a2), a2, (a3.a4.B1+a5), a3, a4, B1, (a1+a2), a1, (a3.a4.B1+a5), a3, REACHED ]
[ 1<=b&&b<=3&&c==2&&k==1, 1<=b&&b<=3&&c==2&&k==1, 1<=b&&b<=3&&c==2&&k==1, b>=1 && b<=3 && c==a+b&&k==1.0, b>=1 && b<=3 && c==a+b&&k==1.0, b>=1 && b<=3 && a==1+b&&k==1.0, b>=1 && b<=3, b>=1 && b<=3, b>=1 && b<=3, b>=1 && b<=3 && c==b+-1*a, b>=1 && b<=3 && c==b+-1*a, b>=1 && b<=3 && a==1+b, b>=1 && b<=3 && a==1+b, b>=1 && b<=3 && a==1+b, b>=1 && b<=3 && a==1+b, b>=1 && b<=3 && c==1+2*b, b>=1 && b<=3 && c==1+2*b, b>=1 && b<=3 && a==1+b, b>=1 && b<=3 && a==1+b ]
[ B0, B1, (a1+a2), a1, (a3.a4.B1+a5), a3, a4, B1, (a1+a2), a2, (a3.a4.B1+a5), a3, a4, B1, (a1+a2), a1, (a3.a4.B1+a5), a3, a4, REACHED ]
[ 1<=b&&b<=3&&c==2&&k==1, 1<=b&&b<=3&&c==2&&k==1, 1<=b&&b<=3&&c==2&&k==1, b>=1 && b<=3 && c==a+b&&k==1.0, b>=1 && b<=3 && c==a+b&&k==1.0, b>=1 && b<=3 && a==1+b&&k==1.0, b>=1 && b<=3, b>=1 && b<=3, b>=1 && b<=3, b>=1 && b<=3 && c==b+-1*a, b>=1 && b<=3 && c==b+-1*a, b>=1 && b<=3 && a==1+b, b>=1 && b<=3 && a==1+b, b>=1 && b<=3 && a==1+b, b>=1 && b<=3 && a==1+b, b>=1 && b<=3 && c==1+2*b, b>=1 && b<=3 && c==1+2*b, b>=1 && b<=3 && a==1+b, b>=1 && b<=3 && a==1+b, b>=1 && b<=3 && a==1+b ]
[ B0, B1, (a1+a2), a1, (a3.a4.B1+a5), a3, a4, B1, (a1+a2), a2, (a3.a4.B1+a5), a3, a4, B1, (a1+a2), a1, (a3.a4.B1+a5), a3, a4, B1, REENTERED, B2, a6, REACHED ]
[ 1<=b&&b<=3&&c==2&&k==1, 1<=b&&b<=3&&c==2&&k==1, 1<=b&&b<=3&&c==2&&k==1, b>=1 && b<=3 && c==a+b&&k==1.0, b>=1 && b<=3 && c==a+b&&k==1.0, b>=1 && b<=3 && a==1+b&&k==1.0, b>=1 && b<=3, b>=1 && b<=3, b>=1 && b<=3, b>=1 && b<=3 && c==b+-1*a, b>=1 && b<=3 && c==b+-1*a, b>=1 && b<=3 && a==1+b, b>=1 && b<=3 && a==1+b, b>=1 && b<=3 && a==1+b, b>=1 && b<=3 && a==1+b, b>=1 && b<=3 && c==1+2*b, b>=1 && b<=3 && c==1+2*b, b>=1 && b<=3 && a==1+b, b>=1 && b<=3 && a==1+b, b>=1 && b<=3 && a==1+b, b>=1 && b<=3 && a==1+b, b>=1 && b<=3 && a==1+b, b>=1 && b<=3 && a==1+b, b>=1 && b<=3 && a==1+b ]
[ B0, B1, (a1+a2), a1, (a3.a4.B1+a5), a3, a4, B1, (a1+a2), a2, (a3.a4.B1+a5), a3, a4, B1, (a1+a2), a1, (a3.a4.B1+a5), a5, REACHED ]
[ 1<=b&&b<=3&&c==2&&k==1, 1<=b&&b<=3&&c==2&&k==1, 1<=b&&b<=3&&c==2&&k==1, b>=1 && b<=3 && c==a+b&&k==1.0, b>=1 && b<=3 && c==a+b&&k==1.0, b>=1 && b<=3 && a==1+b&&k==1.0, b>=1 && b<=3, b>=1 && b<=3, b>=1 && b<=3, b>=1 && b<=3 && c==b+-1*a, b>=1 && b<=3 && c==b+-1*a, b>=1 && b<=3 && a==1+b, b>=1 && b<=3 && a==1+b, b>=1 && b<=3 && a==1+b, b>=1 && b<=3 && a==1+b, b>=1 && b<=3 && c==1+2*b, b>=1 && b<=3 && c==1+2*b, b>=1 && b<=3 && c==1+2*b, b>=1 && b<=3 && c==1+2*b ]
[ B0, B1, (a1+a2), a1, (a3.a4.B1+a5), a3, a4, B1, (a1+a2), a2, (a3.a4.B1+a5), a3, a4, B1, (a1+a2), a1, (a3.a4.B1+a5), a5, B2, a6, REACHED ]
[ 1<=b&&b<=3&&c==2&&k==1, 1<=b&&b<=3&&c==2&&k==1, 1<=b&&b<=3&&c==2&&k==1, b>=1 && b<=3 && c==a+b&&k==1.0, b>=1 && b<=3 && c==a+b&&k==1.0, b>=1 && b<=3 && a==1+b&&k==1.0, b>=1 && b<=3, b>=1 && b<=3, b>=1 && b<=3, b>=1 && b<=3 && c==b+-1*a, b>=1 && b<=3 && c==b+-1*a, b>=1 && b<=3 && a==1+b, b>=1 && b<=3 && a==1+b, b>=1 && b<=3 && a==1+b, b>=1 && b<=3 && a==1+b, b>=1 && b<=3 && c==1+2*b, b>=1 && b<=3 && c==1+2*b, b>=1 && b<=3 && c==1+2*b, b>=1 && b<=3 && c==1+2*b, b>=1 && b<=3 && c==1+2*b, b>=1 && b<=3 && c==1+2*b ]
[ B0, B1, (a1+a2), a1, (a3.a4.B1+a5), a3, a4, B1, (a1+a2), a2, (a3.a4.B1+a5), a5, REACHED ]
[ 1<=b&&b<=3&&c==2&&k==1, 1<=b&&b<=3&&c==2&&k==1, 1<=b&&b<=3&&c==2&&k==1, b>=1 && b<=3 && c==a+b&&k==1.0, b>=1 && b<=3 && c==a+b&&k==1.0, b>=1 && b<=3 && a==1+b&&k==1.0, b>=1 && b<=3, b>=1 && b<=3, b>=1 && b<=3, b>=1 && b<=3 && c==b+-1*a, b>=1 && b<=3 && c==b+-1*a, b>=1 && b<=3 && c==b+-1*a, b>=1 && b<=3 && c==b+-1*a ]
[ B0, B1, (a1+a2), a1, (a3.a4.B1+a5), a3, a4, B1, (a1+a2), a2, (a3.a4.B1+a5), a5, B2, a6, REACHED ]
[ 1<=b&&b<=3&&c==2&&k==1, 1<=b&&b<=3&&c==2&&k==1, 1<=b&&b<=3&&c==2&&k==1, b>=1 && b<=3 && c==a+b&&k==1.0, b>=1 && b<=3 && c==a+b&&k==1.0, b>=1 && b<=3 && a==1+b&&k==1.0, b>=1 && b<=3, b>=1 && b<=3, b>=1 && b<=3, b>=1 && b<=3 && c==b+-1*a, b>=1 && b<=3 && c==b+-1*a, b>=1 && b<=3 && c==b+-1*a, b>=1 && b<=3 && c==b+-1*a, b>=1 && b<=3 && c==b+-1*a, b>=1 && b<=3 && c==b+-1*a ]
[ B0, B1, (a1+a2), a1, (a3.a4.B1+a5), a5, REACHED ]
[ 1<=b&&b<=3&&c==2&&k==1, 1<=b&&b<=3&&c==2&&k==1, 1<=b&&b<=3&&c==2&&k==1, b>=1 && b<=3 && c==a+b&&k==1.0, b>=1 && b<=3 && c==a+b&&k==1.0, b>=1 && b<=3 && c==a+b&&k==1.0, b>=1 && b<=3 && c==a+b&&k==1.0 ]
[ B0, B1, (a1+a2), a1, (a3.a4.B1+a5), a5, B2, a6, REACHED ]
[ 1<=b&&b<=3&&c==2&&k==1, 1<=b&&b<=3&&c==2&&k==1, 1<=b&&b<=3&&c==2&&k==1, b>=1 && b<=3 && c==a+b&&k==1.0, b>=1 && b<=3 && c==a+b&&k==1.0, b>=1 && b<=3 && c==a+b&&k==1.0, b>=1 && b<=3 && c==a+b&&k==1.0, b>=1 && b<=3 && c==a+b&&k==1.0, b>=1 && b<=3 && c==a+b&&k==1.0 ]
[ B0, B1, (a1+a2), a2, REACHED ]
[ 1<=b&&b<=3&&c==2&&k==1, 1<=b&&b<=3&&c==2&&k==1, 1<=b&&b<=3&&c==2&&k==1, b>=1 && b<=3 && c==b+-1*a&&k==1.0, b>=1 && b<=3 && c==b+-1*a&&k==1.0 ]
[ B0, B1, (a1+a2), a2, (a3.a4.B1+a5), a3, REACHED ]
[ 1<=b&&b<=3&&c==2&&k==1, 1<=b&&b<=3&&c==2&&k==1, 1<=b&&b<=3&&c==2&&k==1, b>=1 && b<=3 && c==b+-1*a&&k==1.0, b>=1 && b<=3 && c==b+-1*a&&k==1.0, b>=1 && b<=3 && a==1+b&&k==1.0, b>=1 && b<=3 && a==1+b&&k==1.0 ]
[ B0, B1, (a1+a2), a2, (a3.a4.B1+a5), a3, a4, REACHED ]
[ 1<=b&&b<=3&&c==2&&k==1, 1<=b&&b<=3&&c==2&&k==1, 1<=b&&b<=3&&c==2&&k==1, b>=1 && b<=3 && c==b+-1*a&&k==1.0, b>=1 && b<=3 && c==b+-1*a&&k==1.0, b>=1 && b<=3 && a==1+b&&k==1.0, b>=1 && b<=3, b>=1 && b<=3 ]
[ B0, B1, (a1+a2), a2, (a3.a4.B1+a5), a3, a4, B1, (a1+a2), a1, REACHED ]
[ 1<=b&&b<=3&&c==2&&k==1, 1<=b&&b<=3&&c==2&&k==1, 1<=b&&b<=3&&c==2&&k==1, b>=1 && b<=3 && c==b+-1*a&&k==1.0, b>=1 && b<=3 && c==b+-1*a&&k==1.0, b>=1 && b<=3 && a==1+b&&k==1.0, b>=1 && b<=3, b>=1 && b<=3, b>=1 && b<=3, b>=1 && b<=3 && c==a+b, b>=1 && b<=3 && c==a+b ]
[ B0, B1, (a1+a2), a2, (a3.a4.B1+a5), a3, a4, B1, (a1+a2), a1, (a3.a4.B1+a5), a3, REACHED ]
[ 1<=b&&b<=3&&c==2&&k==1, 1<=b&&b<=3&&c==2&&k==1, 1<=b&&b<=3&&c==2&&k==1, b>=1 && b<=3 && c==b+-1*a&&k==1.0, b>=1 && b<=3 && c==b+-1*a&&k==1.0, b>=1 && b<=3 && a==1+b&&k==1.0, b>=1 && b<=3, b>=1 && b<=3, b>=1 && b<=3, b>=1 && b<=3 && c==a+b, b>=1 && b<=3 && c==a+b, b>=1 && b<=3 && a==1+b, b>=1 && b<=3 && a==1+b ]
[ B0, B1, (a1+a2), a2, (a3.a4.B1+a5), a3, a4, B1, (a1+a2), a1, (a3.a4.B1+a5), a3, a4, REACHED ]
[ 1<=b&&b<=3&&c==2&&k==1, 1<=b&&b<=3&&c==2&&k==1, 1<=b&&b<=3&&c==2&&k==1, b>=1 && b<=3 && c==b+-1*a&&k==1.0, b>=1 && b<=3 && c==b+-1*a&&k==1.0, b>=1 && b<=3 && a==1+b&&k==1.0, b>=1 && b<=3, b>=1 && b<=3, b>=1 && b<=3, b>=1 && b<=3 && c==a+b, b>=1 && b<=3 && c==a+b, b>=1 && b<=3 && a==1+b, b>=1 && b<=3 && a==1+b, b>=1 && b<=3 && a==1+b ]
[ B0, B1, (a1+a2), a2, (a3.a4.B1+a5), a3, a4, B1, (a1+a2), a1, (a3.a4.B1+a5), a3, a4, B1, (a1+a2), a1, REACHED ]
[ 1<=b&&b<=3&&c==2&&k==1, 1<=b&&b<=3&&c==2&&k==1, 1<=b&&b<=3&&c==2&&k==1, b>=1 && b<=3 && c==b+-1*a&&k==1.0, b>=1 && b<=3 && c==b+-1*a&&k==1.0, b>=1 && b<=3 && a==1+b&&k==1.0, b>=1 && b<=3, b>=1 && b<=3, b>=1 && b<=3, b>=1 && b<=3 && c==a+b, b>=1 && b<=3 && c==a+b, b>=1 && b<=3 && a==1+b, b>=1 && b<=3 && a==1+b, b>=1 && b<=3 && a==1+b, b>=1 && b<=3 && a==1+b, b>=1 && b<=3 && c==1+2*b, b>=1 && b<=3 && c==1+2*b ]
[ B0, B1, (a1+a2), a2, (a3.a4.B1+a5), a3, a4, B1, (a1+a2), a1, (a3.a4.B1+a5), a3, a4, B1, (a1+a2), a1, (a3.a4.B1+a5), a3, REACHED ]
[ 1<=b&&b<=3&&c==2&&k==1, 1<=b&&b<=3&&c==2&&k==1, 1<=b&&b<=3&&c==2&&k==1, b>=1 && b<=3 && c==b+-1*a&&k==1.0, b>=1 && b<=3 && c==b+-1*a&&k==1.0, b>=1 && b<=3 && a==1+b&&k==1.0, b>=1 && b<=3, b>=1 && b<=3, b>=1 && b<=3, b>=1 && b<=3 && c==a+b, b>=1 && b<=3 && c==a+b, b>=1 && b<=3 && a==1+b, b>=1 && b<=3 && a==1+b, b>=1 && b<=3 && a==1+b, b>=1 && b<=3 && a==1+b, b>=1 && b<=3 && c==1+2*b, b>=1 && b<=3 && c==1+2*b, b>=1 && b<=3 && a==1+b, b>=1 && b<=3 && a==1+b ]
[ B0, B1, (a1+a2), a2, (a3.a4.B1+a5), a3, a4, B1, (a1+a2), a1, (a3.a4.B1+a5), a3, a4, B1, (a1+a2), a1, (a3.a4.B1+a5), a3, a4, REACHED ]
[ 1<=b&&b<=3&&c==2&&k==1, 1<=b&&b<=3&&c==2&&k==1, 1<=b&&b<=3&&c==2&&k==1, b>=1 && b<=3 && c==b+-1*a&&k==1.0, b>=1 && b<=3 && c==b+-1*a&&k==1.0, b>=1 && b<=3 && a==1+b&&k==1.0, b>=1 && b<=3, b>=1 && b<=3, b>=1 && b<=3, b>=1 && b<=3 && c==a+b, b>=1 && b<=3 && c==a+b, b>=1 && b<=3 && a==1+b, b>=1 && b<=3 && a==1+b, b>=1 && b<=3 && a==1+b, b>=1 && b<=3 && a==1+b, b>=1 && b<=3 && c==1+2*b, b>=1 && b<=3 && c==1+2*b, b>=1 && b<=3 && a==1+b, b>=1 && b<=3 && a==1+b, b>=1 && b<=3 && a==1+b ]
[ B0, B1, (a1+a2), a2, (a3.a4.B1+a5), a3, a4, B1, (a1+a2), a1, (a3.a4.B1+a5), a3, a4, B1, (a1+a2), a1, (a3.a4.B1+a5), a3, a4, B1, REENTERED, B2, a6, REACHED ]
[ 1<=b&&b<=3&&c==2&&k==1, 1<=b&&b<=3&&c==2&&k==1, 1<=b&&b<=3&&c==2&&k==1, b>=1 && b<=3 && c==b+-1*a&&k==1.0, b>=1 && b<=3 && c==b+-1*a&&k==1.0, b>=1 && b<=3 && a==1+b&&k==1.0, b>=1 && b<=3, b>=1 && b<=3, b>=1 && b<=3, b>=1 && b<=3 && c==a+b, b>=1 && b<=3 && c==a+b, b>=1 && b<=3 && a==1+b, b>=1 && b<=3 && a==1+b, b>=1 && b<=3 && a==1+b, b>=1 && b<=3 && a==1+b, b>=1 && b<=3 && c==1+2*b, b>=1 && b<=3 && c==1+2*b, b>=1 && b<=3 && a==1+b, b>=1 && b<=3 && a==1+b, b>=1 && b<=3 && a==1+b, b>=1 && b<=3 && a==1+b, b>=1 && b<=3 && a==1+b, b>=1 && b<=3 && a==1+b, b>=1 && b<=3 && a==1+b ]
[ B0, B1, (a1+a2), a2, (a3.a4.B1+a5), a3, a4, B1, (a1+a2), a1, (a3.a4.B1+a5), a3, a4, B1, (a1+a2), a1, (a3.a4.B1+a5), a5, REACHED ]
[ 1<=b&&b<=3&&c==2&&k==1, 1<=b&&b<=3&&c==2&&k==1, 1<=b&&b<=3&&c==2&&k==1, b>=1 && b<=3 && c==b+-1*a&&k==1.0, b>=1 && b<=3 && c==b+-1*a&&k==1.0, b>=1 && b<=3 && a==1+b&&k==1.0, b>=1 && b<=3, b>=1 && b<=3, b>=1 && b<=3, b>=1 && b<=3 && c==a+b, b>=1 && b<=3 && c==a+b, b>=1 && b<=3 && a==1+b, b>=1 && b<=3 && a==1+b, b>=1 && b<=3 && a==1+b, b>=1 && b<=3 && a==1+b, b>=1 && b<=3 && c==1+2*b, b>=1 && b<=3 && c==1+2*b, b>=1 && b<=3 && c==1+2*b, b>=1 && b<=3 && c==1+2*b ]
[ B0, B1, (a1+a2), a2, (a3.a4.B1+a5), a3, a4, B1, (a1+a2), a1, (a3.a4.B1+a5), a3, a4, B1, (a1+a2), a1, (a3.a4.B1+a5), a5, B2, a6, REACHED ]
[ 1<=b&&b<=3&&c==2&&k==1, 1<=b&&b<=3&&c==2&&k==1, 1<=b&&b<=3&&c==2&&k==1, b>=1 && b<=3 && c==b+-1*a&&k==1.0, b>=1 && b<=3 && c==b+-1*a&&k==1.0, b>=1 && b<=3 && a==1+b&&k==1.0, b>=1 && b<=3, b>=1 && b<=3, b>=1 && b<=3, b>=1 && b<=3 && c==a+b, b>=1 && b<=3 && c==a+b, b>=1 && b<=3 && a==1+b, b>=1 && b<=3 && a==1+b, b>=1 && b<=3 && a==1+b, b>=1 && b<=3 && a==1+b, b>=1 && b<=3 && c==1+2*b, b>=1 && b<=3 && c==1+2*b, b>=1 && b<=3 && c==1+2*b, b>=1 && b<=3 && c==1+2*b, b>=1 && b<=3 && c==1+2*b, b>=1 && b<=3 && c==1+2*b ]
[ B0, B1, (a1+a2), a2, (a3.a4.B1+a5), a3, a4, B1, (a1+a2), a1, (a3.a4.B1+a5), a5, REACHED ]
[ 1<=b&&b<=3&&c==2&&k==1, 1<=b&&b<=3&&c==2&&k==1, 1<=b&&b<=3&&c==2&&k==1, b>=1 && b<=3 && c==b+-1*a&&k==1.0, b>=1 && b<=3 && c==b+-1*a&&k==1.0, b>=1 && b<=3 && a==1+b&&k==1.0, b>=1 && b<=3, b>=1 && b<=3, b>=1 && b<=3, b>=1 && b<=3 && c==a+b, b>=1 && b<=3 && c==a+b, b>=1 && b<=3 && c==a+b, b>=1 && b<=3 && c==a+b ]
[ B0, B1, (a1+a2), a2, (a3.a4.B1+a5), a3, a4, B1, (a1+a2), a1, (a3.a4.B1+a5), a5, B2, a6, REACHED ]
[ 1<=b&&b<=3&&c==2&&k==1, 1<=b&&b<=3&&c==2&&k==1, 1<=b&&b<=3&&c==2&&k==1, b>=1 && b<=3 && c==b+-1*a&&k==1.0, b>=1 && b<=3 && c==b+-1*a&&k==1.0, b>=1 && b<=3 && a==1+b&&k==1.0, b>=1 && b<=3, b>=1 && b<=3, b>=1 && b<=3, b>=1 && b<=3 && c==a+b, b>=1 && b<=3 && c==a+b, b>=1 && b<=3 && c==a+b, b>=1 && b<=3 && c==a+b, b>=1 && b<=3 && c==a+b, b>=1 && b<=3 && c==a+b ]
[ B0, B1, (a1+a2), a2, (a3.a4.B1+a5), a3, a4, B1, (a1+a2), a2, REACHED ]
[ 1<=b&&b<=3&&c==2&&k==1, 1<=b&&b<=3&&c==2&&k==1, 1<=b&&b<=3&&c==2&&k==1, b>=1 && b<=3 && c==b+-1*a&&k==1.0, b>=1 && b<=3 && c==b+-1*a&&k==1.0, b>=1 && b<=3 && a==1+b&&k==1.0, b>=1 && b<=3, b>=1 && b<=3, b>=1 && b<=3, b>=1 && b<=3 && c==b+-1*a, b>=1 && b<=3 && c==b+-1*a ]
[ B0, B1, (a1+a2), a2, (a3.a4.B1+a5), a3, a4, B1, (a1+a2), a2, (a3.a4.B1+a5), a3, REACHED ]
[ 1<=b&&b<=3&&c==2&&k==1, 1<=b&&b<=3&&c==2&&k==1, 1<=b&&b<=3&&c==2&&k==1, b>=1 && b<=3 && c==b+-1*a&&k==1.0, b>=1 && b<=3 && c==b+-1*a&&k==1.0, b>=1 && b<=3 && a==1+b&&k==1.0, b>=1 && b<=3, b>=1 && b<=3, b>=1 && b<=3, b>=1 && b<=3 && c==b+-1*a, b>=1 && b<=3 && c==b+-1*a, b>=1 && b<=3 && a==1+b, b>=1 && b<=3 && a==1+b ]
[ B0, B1, (a1+a2), a2, (a3.a4.B1+a5), a3, a4, B1, (a1+a2), a2, (a3.a4.B1+a5), a3, a4, REACHED ]
[ 1<=b&&b<=3&&c==2&&k==1, 1<=b&&b<=3&&c==2&&k==1, 1<=b&&b<=3&&c==2&&k==1, b>=1 && b<=3 && c==b+-1*a&&k==1.0, b>=1 && b<=3 && c==b+-1*a&&k==1.0, b>=1 && b<=3 && a==1+b&&k==1.0, b>=1 && b<=3, b>=1 && b<=3, b>=1 && b<=3, b>=1 && b<=3 && c==b+-1*a, b>=1 && b<=3 && c==b+-1*a, b>=1 && b<=3 && a==1+b, b>=1 && b<=3 && a==1+b, b>=1 && b<=3 && a==1+b ]
[ B0, B1, (a1+a2), a2, (a3.a4.B1+a5), a3, a4, B1, (a1+a2), a2, (a3.a4.B1+a5), a3, a4, B1, (a1+a2), a1, REACHED ]
[ 1<=b&&b<=3&&c==2&&k==1, 1<=b&&b<=3&&c==2&&k==1, 1<=b&&b<=3&&c==2&&k==1, b>=1 && b<=3 && c==b+-1*a&&k==1.0, b>=1 && b<=3 && c==b+-1*a&&k==1.0, b>=1 && b<=3 && a==1+b&&k==1.0, b>=1 && b<=3, b>=1 && b<=3, b>=1 && b<=3, b>=1 && b<=3 && c==b+-1*a, b>=1 && b<=3 && c==b+-1*a, b>=1 && b<=3 && a==1+b, b>=1 && b<=3 && a==1+b, b>=1 && b<=3 && a==1+b, b>=1 && b<=3 && a==1+b, b>=1 && b<=3 && c==1+2*b, b>=1 && b<=3 && c==1+2*b ]
[ B0, B1, (a1+a2), a2, (a3.a4.B1+a5), a3, a4, B1, (a1+a2), a2, (a3.a4.B1+a5), a3, a4, B1, (a1+a2), a1, (a3.a4.B1+a5), a3, REACHED ]
[ 1<=b&&b<=3&&c==2&&k==1, 1<=b&&b<=3&&c==2&&k==1, 1<=b&&b<=3&&c==2&&k==1, b>=1 && b<=3 && c==b+-1*a&&k==1.0, b>=1 && b<=3 && c==b+-1*a&&k==1.0, b>=1 && b<=3 && a==1+b&&k==1.0, b>=1 && b<=3, b>=1 && b<=3, b>=1 && b<=3, b>=1 && b<=3 && c==b+-1*a, b>=1 && b<=3 && c==b+-1*a, b>=1 && b<=3 && a==1+b, b>=1 && b<=3 && a==1+b, b>=1 && b<=3 && a==1+b, b>=1 && b<=3 && a==1+b, b>=1 && b<=3 && c==1+2*b, b>=1 && b<=3 && c==1+2*b, b>=1 && b<=3 && a==1+b, b>=1 && b<=3 && a==1+b ]
[ B0, B1, (a1+a2), a2, (a3.a4.B1+a5), a3, a4, B1, (a1+a2), a2, (a3.a4.B1+a5), a3, a4, B1, (a1+a2), a1, (a3.a4.B1+a5), a3, a4, REACHED ]
[ 1<=b&&b<=3&&c==2&&k==1, 1<=b&&b<=3&&c==2&&k==1, 1<=b&&b<=3&&c==2&&k==1, b>=1 && b<=3 && c==b+-1*a&&k==1.0, b>=1 && b<=3 && c==b+-1*a&&k==1.0, b>=1 && b<=3 && a==1+b&&k==1.0, b>=1 && b<=3, b>=1 && b<=3, b>=1 && b<=3, b>=1 && b<=3 && c==b+-1*a, b>=1 && b<=3 && c==b+-1*a, b>=1 && b<=3 && a==1+b, b>=1 && b<=3 && a==1+b, b>=1 && b<=3 && a==1+b, b>=1 && b<=3 && a==1+b, b>=1 && b<=3 && c==1+2*b, b>=1 && b<=3 && c==1+2*b, b>=1 && b<=3 && a==1+b, b>=1 && b<=3 && a==1+b, b>=1 && b<=3 && a==1+b ]
[ B0, B1, (a1+a2), a2, (a3.a4.B1+a5), a3, a4, B1, (a1+a2), a2, (a3.a4.B1+a5), a3, a4, B1, (a1+a2), a1, (a3.a4.B1+a5), a3, a4, B1, REENTERED, B2, a6, REACHED ]
[ 1<=b&&b<=3&&c==2&&k==1, 1<=b&&b<=3&&c==2&&k==1, 1<=b&&b<=3&&c==2&&k==1, b>=1 && b<=3 && c==b+-1*a&&k==1.0, b>=1 && b<=3 && c==b+-1*a&&k==1.0, b>=1 && b<=3 && a==1+b&&k==1.0, b>=1 && b<=3, b>=1 && b<=3, b>=1 && b<=3, b>=1 && b<=3 && c==b+-1*a, b>=1 && b<=3 && c==b+-1*a, b>=1 && b<=3 && a==1+b, b>=1 && b<=3 && a==1+b, b>=1 && b<=3 && a==1+b, b>=1 && b<=3 && a==1+b, b>=1 && b<=3 && c==1+2*b, b>=1 && b<=3 && c==1+2*b, b>=1 && b<=3 && a==1+b, b>=1 && b<=3 && a==1+b, b>=1 && b<=3 && a==1+b, b>=1 && b<=3 && a==1+b, b>=1 && b<=3 && a==1+b, b>=1 && b<=3 && a==1+b, b>=1 && b<=3 && a==1+b ]
[ B0, B1, (a1+a2), a2, (a3.a4.B1+a5), a3, a4, B1, (a1+a2), a2, (a3.a4.B1+a5), a3, a4, B1, (a1+a2), a1, (a3.a4.B1+a5), a5, REACHED ]
[ 1<=b&&b<=3&&c==2&&k==1, 1<=b&&b<=3&&c==2&&k==1, 1<=b&&b<=3&&c==2&&k==1, b>=1 && b<=3 && c==b+-1*a&&k==1.0, b>=1 && b<=3 && c==b+-1*a&&k==1.0, b>=1 && b<=3 && a==1+b&&k==1.0, b>=1 && b<=3, b>=1 && b<=3, b>=1 && b<=3, b>=1 && b<=3 && c==b+-1*a, b>=1 && b<=3 && c==b+-1*a, b>=1 && b<=3 && a==1+b, b>=1 && b<=3 && a==1+b, b>=1 && b<=3 && a==1+b, b>=1 && b<=3 && a==1+b, b>=1 && b<=3 && c==1+2*b, b>=1 && b<=3 && c==1+2*b, b>=1 && b<=3 && c==1+2*b, b>=1 && b<=3 && c==1+2*b ]
[ B0, B1, (a1+a2), a2, (a3.a4.B1+a5), a3, a4, B1, (a1+a2), a2, (a3.a4.B1+a5), a3, a4, B1, (a1+a2), a1, (a3.a4.B1+a5), a5, B2, a6, REACHED ]
[ 1<=b&&b<=3&&c==2&&k==1, 1<=b&&b<=3&&c==2&&k==1, 1<=b&&b<=3&&c==2&&k==1, b>=1 && b<=3 && c==b+-1*a&&k==1.0, b>=1 && b<=3 && c==b+-1*a&&k==1.0, b>=1 && b<=3 && a==1+b&&k==1.0, b>=1 && b<=3, b>=1 && b<=3, b>=1 && b<=3, b>=1 && b<=3 && c==b+-1*a, b>=1 && b<=3 && c==b+-1*a, b>=1 && b<=3 && a==1+b, b>=1 && b<=3 && a==1+b, b>=1 && b<=3 && a==1+b, b>=1 && b<=3 && a==1+b, b>=1 && b<=3 && c==1+2*b, b>=1 && b<=3 && c==1+2*b, b>=1 && b<=3 && c==1+2*b, b>=1 && b<=3 && c==1+2*b, b>=1 && b<=3 && c==1+2*b, b>=1 && b<=3 && c==1+2*b ]
[ B0, B1, (a1+a2), a2, (a3.a4.B1+a5), a3, a4, B1, (a1+a2), a2, (a3.a4.B1+a5), a5, REACHED ]
[ 1<=b&&b<=3&&c==2&&k==1, 1<=b&&b<=3&&c==2&&k==1, 1<=b&&b<=3&&c==2&&k==1, b>=1 && b<=3 && c==b+-1*a&&k==1.0, b>=1 && b<=3 && c==b+-1*a&&k==1.0, b>=1 && b<=3 && a==1+b&&k==1.0, b>=1 && b<=3, b>=1 && b<=3, b>=1 && b<=3, b>=1 && b<=3 && c==b+-1*a, b>=1 && b<=3 && c==b+-1*a, b>=1 && b<=3 && c==b+-1*a, b>=1 && b<=3 && c==b+-1*a ]
[ B0, B1, (a1+a2), a2, (a3.a4.B1+a5), a3, a4, B1, (a1+a2), a2, (a3.a4.B1+a5), a5, B2, a6, REACHED ]
[ 1<=b&&b<=3&&c==2&&k==1, 1<=b&&b<=3&&c==2&&k==1, 1<=b&&b<=3&&c==2&&k==1, b>=1 && b<=3 && c==b+-1*a&&k==1.0, b>=1 && b<=3 && c==b+-1*a&&k==1.0, b>=1 && b<=3 && a==1+b&&k==1.0, b>=1 && b<=3, b>=1 && b<=3, b>=1 && b<=3, b>=1 && b<=3 && c==b+-1*a, b>=1 && b<=3 && c==b+-1*a, b>=1 && b<=3 && c==b+-1*a, b>=1 && b<=3 && c==b+-1*a, b>=1 && b<=3 && c==b+-1*a, b>=1 && b<=3 && c==b+-1*a ]
[ B0, B1, (a1+a2), a2, (a3.a4.B1+a5), a5, REACHED ]
[ 1<=b&&b<=3&&c==2&&k==1, 1<=b&&b<=3&&c==2&&k==1, 1<=b&&b<=3&&c==2&&k==1, b>=1 && b<=3 && c==b+-1*a&&k==1.0, b>=1 && b<=3 && c==b+-1*a&&k==1.0, b>=1 && b<=3 && c==b+-1*a&&k==1.0, b>=1 && b<=3 && c==b+-1*a&&k==1.0 ]
[ B0, B1, (a1+a2), a2, (a3.a4.B1+a5), a5, B2, a6, REACHED ]
[ 1<=b&&b<=3&&c==2&&k==1, 1<=b&&b<=3&&c==2&&k==1, 1<=b&&b<=3&&c==2&&k==1, b>=1 && b<=3 && c==b+-1*a&&k==1.0, b>=1 && b<=3 && c==b+-1*a&&k==1.0, b>=1 && b<=3 && c==b+-1*a&&k==1.0, b>=1 && b<=3 && c==b+-1*a&&k==1.0, b>=1 && b<=3 && c==b+-1*a&&k==1.0, b>=1 && b<=3 && c==b+-1*a&&k==1.0 ]
